// Jest Snapshot v1, https://goo.gl/fbAQLP

exports[`Breadcrumbs matches snapshot 1`] = `
<DocumentFragment>
  <div
    class="flex items-center gap-x-2"
    data-testid="breadcrumbs"
  >
    <button
      class="py-1 px-1 h-8 w-8 rounded flex items-center justify-center outline-none bg-transparent hover:bg-[#F9F2F2]"
      data-testid="back button"
    >
      <svg
        class="text-[#636363]"
        fill="currentColor"
        height="1em"
        stroke="currentColor"
        stroke-width="0"
        viewBox="0 0 16 16"
        width="1em"
        xmlns="http://www.w3.org/2000/svg"
      >
        <path
          d="M15 8a.5.5 0 0 0-.5-.5H2.707l3.147-3.146a.5.5 0 1 0-.708-.708l-4 4a.5.5 0 0 0 0 .708l4 4a.5.5 0 0 0 .708-.708L2.707 8.5H14.5A.5.5 0 0 0 15 8z"
          fill-rule="evenodd"
        />
      </svg>
       
    </button>
    <ul
      class="flex gap-x-8 uppercase items-center"
    >
      <li
        class="first-of-type:hover:bg-[#F9F2F2] px-2 py-1 rounded first-of-type:cursor-pointer relative text-[#8F8F8F] text-base font-medium last-of-type:text-[#636363] after:absolute after:content-[''] after:right-[-16px] after:top-1/2 after:translate-y-[-50%] after:w-2 after:h-2 after:border-b-2 after:border-r-2 after:border-[#636363] after:-rotate-45 last-of-type:after:content-none"
        data-testid="Home"
      >
        <span>
          Home
        </span>
      </li>
      <li
        class="first-of-type:hover:bg-[#F9F2F2] px-2 py-1 rounded first-of-type:cursor-pointer relative text-[#8F8F8F] text-base font-medium last-of-type:text-[#636363] after:absolute after:content-[''] after:right-[-16px] after:top-1/2 after:translate-y-[-50%] after:w-2 after:h-2 after:border-b-2 after:border-r-2 after:border-[#636363] after:-rotate-45 last-of-type:after:content-none"
        data-testid="Branches"
      >
        <span>
          Branches
        </span>
      </li>
    </ul>
  </div>
</DocumentFragment>
`;
